../Drivers/BSP/STM32H735G-DK/stm32h735g_discovery_ts.c:127:9:BSP_TS_Init	40	static
../Drivers/BSP/STM32H735G-DK/stm32h735g_discovery_ts.c:180:9:BSP_TS_DeInit	24	static
../Drivers/BSP/STM32H735G-DK/stm32h735g_discovery_ts.c:205:9:BSP_TS_GetCapabilities	24	static
../Drivers/BSP/STM32H735G-DK/stm32h735g_discovery_ts.c:226:9:BSP_TS_EnableIT	40	static
../Drivers/BSP/STM32H735G-DK/stm32h735g_discovery_ts.c:276:9:BSP_TS_DisableIT	40	static
../Drivers/BSP/STM32H735G-DK/stm32h735g_discovery_ts.c:308:6:BSP_TS_IRQHandler	16	static
../Drivers/BSP/STM32H735G-DK/stm32h735g_discovery_ts.c:317:13:BSP_TS_Callback	16	static
../Drivers/BSP/STM32H735G-DK/stm32h735g_discovery_ts.c:329:9:BSP_TS_GetState	48	static
../Drivers/BSP/STM32H735G-DK/stm32h735g_discovery_ts.c:415:9:BSP_TS_Get_MultiTouchState	144	static
../Drivers/BSP/STM32H735G-DK/stm32h735g_discovery_ts.c:513:9:BSP_TS_GestureConfig	24	static
../Drivers/BSP/STM32H735G-DK/stm32h735g_discovery_ts.c:538:9:BSP_TS_GetGestureId	24	static
../Drivers/BSP/STM32H735G-DK/stm32h735g_discovery_ts.c:593:9:BSP_TS_Set_Orientation	16	static
../Drivers/BSP/STM32H735G-DK/stm32h735g_discovery_ts.c:605:9:BSP_TS_Get_Orientation	16	static
../Drivers/BSP/STM32H735G-DK/stm32h735g_discovery_ts.c:623:16:FT5336_Probe	48	static
../Drivers/BSP/STM32H735G-DK/stm32h735g_discovery_ts.c:668:13:TS_EXTI_Callback	8	static
