../Drivers/BSP/STM32H735G-DK/stm32h735g_discovery_lcd.c:180:9:BSP_LCD_Init	24	static
../Drivers/BSP/STM32H735G-DK/stm32h735g_discovery_lcd.c:194:9:BSP_LCD_InitEx	128	static
../Drivers/BSP/STM32H735G-DK/stm32h735g_discovery_lcd.c:325:9:BSP_LCD_DeInit	24	static
../Drivers/BSP/STM32H735G-DK/stm32h735g_discovery_lcd.c:368:26:MX_LTDC_Init	24	static
../Drivers/BSP/STM32H735G-DK/stm32h735g_discovery_lcd.c:399:26:MX_LTDC_ConfigLayer	80	static
../Drivers/BSP/STM32H735G-DK/stm32h735g_discovery_lcd.c:427:26:MX_LTDC_ClockConfig	200	static
../Drivers/BSP/STM32H735G-DK/stm32h735g_discovery_lcd.c:527:9:BSP_LCD_ConfigLayer	32	static
../Drivers/BSP/STM32H735G-DK/stm32h735g_discovery_lcd.c:550:9:BSP_LCD_GetPixelFormat	24	static
../Drivers/BSP/STM32H735G-DK/stm32h735g_discovery_lcd.c:573:9:BSP_LCD_SetActiveLayer	24	static
../Drivers/BSP/STM32H735G-DK/stm32h735g_discovery_lcd.c:598:9:BSP_LCD_Relaod	24	static
../Drivers/BSP/STM32H735G-DK/stm32h735g_discovery_lcd.c:632:9:BSP_LCD_SetLayerVisible	32	static
../Drivers/BSP/STM32H735G-DK/stm32h735g_discovery_lcd.c:668:9:BSP_LCD_SetTransparency	32	static
../Drivers/BSP/STM32H735G-DK/stm32h735g_discovery_lcd.c:698:9:BSP_LCD_SetLayerAddress	32	static
../Drivers/BSP/STM32H735G-DK/stm32h735g_discovery_lcd.c:731:9:BSP_LCD_SetLayerWindow	32	static
../Drivers/BSP/STM32H735G-DK/stm32h735g_discovery_lcd.c:768:9:BSP_LCD_SetColorKeying	32	static
../Drivers/BSP/STM32H735G-DK/stm32h735g_discovery_lcd.c:801:9:BSP_LCD_ResetColorKeying	24	static
../Drivers/BSP/STM32H735G-DK/stm32h735g_discovery_lcd.c:832:9:BSP_LCD_GetXSize	24	static
../Drivers/BSP/STM32H735G-DK/stm32h735g_discovery_lcd.c:854:9:BSP_LCD_GetYSize	24	static
../Drivers/BSP/STM32H735G-DK/stm32h735g_discovery_lcd.c:875:9:BSP_LCD_DisplayOn	24	static
../Drivers/BSP/STM32H735G-DK/stm32h735g_discovery_lcd.c:902:9:BSP_LCD_DisplayOff	24	static
../Drivers/BSP/STM32H735G-DK/stm32h735g_discovery_lcd.c:930:9:BSP_LCD_SetBrightness	24	static
../Drivers/BSP/STM32H735G-DK/stm32h735g_discovery_lcd.c:952:9:BSP_LCD_GetBrightness	24	static
../Drivers/BSP/STM32H735G-DK/stm32h735g_discovery_lcd.c:976:9:BSP_LCD_DrawBitmap	64	static
../Drivers/BSP/STM32H735G-DK/stm32h735g_discovery_lcd.c:1040:9:BSP_LCD_FillRGBRect	40	static
../Drivers/BSP/STM32H735G-DK/stm32h735g_discovery_lcd.c:1084:9:BSP_LCD_DrawHLine	48	static
../Drivers/BSP/STM32H735G-DK/stm32h735g_discovery_lcd.c:1104:9:BSP_LCD_DrawVLine	56	static
../Drivers/BSP/STM32H735G-DK/stm32h735g_discovery_lcd.c:1125:9:BSP_LCD_FillRect	56	static
../Drivers/BSP/STM32H735G-DK/stm32h735g_discovery_lcd.c:1146:9:BSP_LCD_ReadPixel	24	static
../Drivers/BSP/STM32H735G-DK/stm32h735g_discovery_lcd.c:1170:9:BSP_LCD_WritePixel	24	static
../Drivers/BSP/STM32H735G-DK/stm32h735g_discovery_lcd.c:1203:13:LL_FillBuffer	40	static
../Drivers/BSP/STM32H735G-DK/stm32h735g_discovery_lcd.c:1245:13:LL_ConvertLineToRGB	40	static
../Drivers/BSP/STM32H735G-DK/stm32h735g_discovery_lcd.c:1297:13:LTDC_MspInit	80	static
../Drivers/BSP/STM32H735G-DK/stm32h735g_discovery_lcd.c:1382:13:LTDC_MspDeInit	40	static
../Drivers/BSP/STM32H735G-DK/stm32h735g_discovery_lcd.c:1430:13:DMA2D_MspInit	24	static
../Drivers/BSP/STM32H735G-DK/stm32h735g_discovery_lcd.c:1448:13:DMA2D_MspDeInit	16	static
