../Drivers/BSP/STM32H735G-DK/stm32h735g_discovery_bus.c:197:9:BSP_I2C4_Init	16	static
../Drivers/BSP/STM32H735G-DK/stm32h735g_discovery_bus.c:244:9:BSP_I2C4_DeInit	16	static
../Drivers/BSP/STM32H735G-DK/stm32h735g_discovery_bus.c:273:26:MX_I2C4_Init	24	static
../Drivers/BSP/STM32H735G-DK/stm32h735g_discovery_bus.c:319:9:BSP_I2C4_WriteReg	40	static
../Drivers/BSP/STM32H735G-DK/stm32h735g_discovery_bus.c:356:9:BSP_I2C4_ReadReg	40	static
../Drivers/BSP/STM32H735G-DK/stm32h735g_discovery_bus.c:393:9:BSP_I2C4_WriteReg16	40	static
../Drivers/BSP/STM32H735G-DK/stm32h735g_discovery_bus.c:430:9:BSP_I2C4_ReadReg16	40	static
../Drivers/BSP/STM32H735G-DK/stm32h735g_discovery_bus.c:466:9:BSP_I2C4_IsReady	24	static
../Drivers/BSP/STM32H735G-DK/stm32h735g_discovery_bus.c:488:9:BSP_GetTick	8	static
../Drivers/BSP/STM32H735G-DK/stm32h735g_discovery_bus.c:576:17:I2C_GetTiming	32	static
../Drivers/BSP/STM32H735G-DK/stm32h735g_discovery_bus.c:614:13:I2C_Compute_PRESC_SCLDEL_SDADEL	64	static
../Drivers/BSP/STM32H735G-DK/stm32h735g_discovery_bus.c:695:17:I2C_Compute_SCLL_SCLH	80	static
../Drivers/BSP/STM32H735G-DK/stm32h735g_discovery_bus.c:773:13:I2C4_MspInit	48	static
../Drivers/BSP/STM32H735G-DK/stm32h735g_discovery_bus.c:815:13:I2C4_MspDeInit	40	static
../Drivers/BSP/STM32H735G-DK/stm32h735g_discovery_bus.c:841:16:I2C4_WriteReg	40	static
../Drivers/BSP/STM32H735G-DK/stm32h735g_discovery_bus.c:858:16:I2C4_ReadReg	40	static
