../Drivers/BSP/STM32H735G-DK/stm32h735g_discovery_ospi.c:167:9:BSP_OSPI_NOR_Init	88	static,ignoring_inline_asm
../Drivers/BSP/STM32H735G-DK/stm32h735g_discovery_ospi.c:251:9:BSP_OSPI_NOR_DeInit	24	static
../Drivers/BSP/STM32H735G-DK/stm32h735g_discovery_ospi.c:297:26:MX_OSPI_NOR_Init	16	static
../Drivers/BSP/STM32H735G-DK/stm32h735g_discovery_ospi.c:408:9:BSP_OSPI_NOR_Read	40	static
../Drivers/BSP/STM32H735G-DK/stm32h735g_discovery_ospi.c:447:9:BSP_OSPI_NOR_Write	56	static
../Drivers/BSP/STM32H735G-DK/stm32h735g_discovery_ospi.c:535:9:BSP_OSPI_NOR_Erase_Block	40	static
../Drivers/BSP/STM32H735G-DK/stm32h735g_discovery_ospi.c:574:9:BSP_OSPI_NOR_Erase_Chip	24	static
../Drivers/BSP/STM32H735G-DK/stm32h735g_discovery_ospi.c:613:9:BSP_OSPI_NOR_GetStatus	24	static
../Drivers/BSP/STM32H735G-DK/stm32h735g_discovery_ospi.c:661:9:BSP_OSPI_NOR_GetInfo	24	static
../Drivers/BSP/STM32H735G-DK/stm32h735g_discovery_ospi.c:684:9:BSP_OSPI_NOR_EnableMemoryMappedMode	24	static
../Drivers/BSP/STM32H735G-DK/stm32h735g_discovery_ospi.c:729:9:BSP_OSPI_NOR_DisableMemoryMappedMode	24	static
../Drivers/BSP/STM32H735G-DK/stm32h735g_discovery_ospi.c:766:9:BSP_OSPI_NOR_ReadID	24	static
../Drivers/BSP/STM32H735G-DK/stm32h735g_discovery_ospi.c:797:9:BSP_OSPI_NOR_ConfigFlash	24	static
../Drivers/BSP/STM32H735G-DK/stm32h735g_discovery_ospi.c:879:9:BSP_OSPI_NOR_SuspendErase	24	static
../Drivers/BSP/STM32H735G-DK/stm32h735g_discovery_ospi.c:915:9:BSP_OSPI_NOR_ResumeErase	24	static
../Drivers/BSP/STM32H735G-DK/stm32h735g_discovery_ospi.c:965:9:BSP_OSPI_RAM_Init	48	static,ignoring_inline_asm
../Drivers/BSP/STM32H735G-DK/stm32h735g_discovery_ospi.c:1034:9:BSP_OSPI_RAM_DeInit	24	static
../Drivers/BSP/STM32H735G-DK/stm32h735g_discovery_ospi.c:1085:26:MX_OSPI_ClockConfig	200	static
../Drivers/BSP/STM32H735G-DK/stm32h735g_discovery_ospi.c:1115:26:MX_OSPI_RAM_Init	40	static
../Drivers/BSP/STM32H735G-DK/stm32h735g_discovery_ospi.c:1232:9:BSP_OSPI_RAM_Read	32	static
../Drivers/BSP/STM32H735G-DK/stm32h735g_discovery_ospi.c:1265:9:BSP_OSPI_RAM_Read_DMA	32	static
../Drivers/BSP/STM32H735G-DK/stm32h735g_discovery_ospi.c:1298:9:BSP_OSPI_RAM_Write	32	static
../Drivers/BSP/STM32H735G-DK/stm32h735g_discovery_ospi.c:1331:9:BSP_OSPI_RAM_Write_DMA	32	static
../Drivers/BSP/STM32H735G-DK/stm32h735g_discovery_ospi.c:1361:9:BSP_OSPI_RAM_EnableMemoryMappedMode	24	static
../Drivers/BSP/STM32H735G-DK/stm32h735g_discovery_ospi.c:1392:9:BSP_OSPI_RAM_DisableMemoryMappedMode	24	static
../Drivers/BSP/STM32H735G-DK/stm32h735g_discovery_ospi.c:1433:9:BSP_OSPI_RAM_ConfigHyperRAM	48	static
../Drivers/BSP/STM32H735G-DK/stm32h735g_discovery_ospi.c:1579:9:BSP_OSPI_RAM_EnterDeepPowerDown	24	static
../Drivers/BSP/STM32H735G-DK/stm32h735g_discovery_ospi.c:1614:9:BSP_OSPI_RAM_LeaveDeepPowerDown	24	static
../Drivers/BSP/STM32H735G-DK/stm32h735g_discovery_ospi.c:1644:6:BSP_OSPI_RAM_DMA_IRQHandler	16	static
../Drivers/BSP/STM32H735G-DK/stm32h735g_discovery_ospi.c:1654:6:BSP_OSPI_RAM_IRQHandler	16	static
../Drivers/BSP/STM32H735G-DK/stm32h735g_discovery_ospi.c:1671:13:OSPI_NOR_MspInit	88	static
../Drivers/BSP/STM32H735G-DK/stm32h735g_discovery_ospi.c:1764:13:OSPI_NOR_MspDeInit	16	static
../Drivers/BSP/STM32H735G-DK/stm32h735g_discovery_ospi.c:1795:16:OSPI_NOR_ResetMemory	24	static
../Drivers/BSP/STM32H735G-DK/stm32h735g_discovery_ospi.c:1847:16:OSPI_NOR_EnterDOPIMode	32	static
../Drivers/BSP/STM32H735G-DK/stm32h735g_discovery_ospi.c:1918:16:OSPI_NOR_EnterSOPIMode	32	static
../Drivers/BSP/STM32H735G-DK/stm32h735g_discovery_ospi.c:1982:16:OSPI_NOR_ExitOPIMode	32	static
../Drivers/BSP/STM32H735G-DK/stm32h735g_discovery_ospi.c:2060:13:OSPI_RAM_MspInit	88	static
../Drivers/BSP/STM32H735G-DK/stm32h735g_discovery_ospi.c:2177:13:OSPI_RAM_MspDeInit	16	static
