../Drivers/BSP/STM32H735G-DK/stm32h735g_discovery_sd.c:140:9:BSP_SD_Init	48	static
../Drivers/BSP/STM32H735G-DK/stm32h735g_discovery_sd.c:227:9:BSP_SD_DeInit	24	static
../Drivers/BSP/STM32H735G-DK/stm32h735g_discovery_sd.c:255:26:MX_SDMMC1_SD_Init	24	static
../Drivers/BSP/STM32H735G-DK/stm32h735g_discovery_sd.c:350:9:BSP_SD_DetectITConfig	48	static
../Drivers/BSP/STM32H735G-DK/stm32h735g_discovery_sd.c:396:13:BSP_SD_DetectCallback	16	static
../Drivers/BSP/STM32H735G-DK/stm32h735g_discovery_sd.c:411:9:BSP_SD_IsDetected	24	static
../Drivers/BSP/STM32H735G-DK/stm32h735g_discovery_sd.c:442:9:BSP_SD_ReadBlocks	40	static
../Drivers/BSP/STM32H735G-DK/stm32h735g_discovery_sd.c:471:9:BSP_SD_WriteBlocks	40	static
../Drivers/BSP/STM32H735G-DK/stm32h735g_discovery_sd.c:500:9:BSP_SD_ReadBlocks_DMA	32	static
../Drivers/BSP/STM32H735G-DK/stm32h735g_discovery_sd.c:528:9:BSP_SD_WriteBlocks_DMA	32	static
../Drivers/BSP/STM32H735G-DK/stm32h735g_discovery_sd.c:556:9:BSP_SD_ReadBlocks_IT	32	static
../Drivers/BSP/STM32H735G-DK/stm32h735g_discovery_sd.c:584:9:BSP_SD_WriteBlocks_IT	32	static
../Drivers/BSP/STM32H735G-DK/stm32h735g_discovery_sd.c:612:9:BSP_SD_Erase	32	static
../Drivers/BSP/STM32H735G-DK/stm32h735g_discovery_sd.c:640:9:BSP_SD_GetCardState	16	static
../Drivers/BSP/STM32H735G-DK/stm32h735g_discovery_sd.c:651:9:BSP_SD_GetCardInfo	24	static
../Drivers/BSP/STM32H735G-DK/stm32h735g_discovery_sd.c:676:6:BSP_SD_DETECT_IRQHandler	16	static
../Drivers/BSP/STM32H735G-DK/stm32h735g_discovery_sd.c:686:6:BSP_SD_IRQHandler	16	static
../Drivers/BSP/STM32H735G-DK/stm32h735g_discovery_sd.c:734:6:HAL_SD_AbortCallback	16	static
../Drivers/BSP/STM32H735G-DK/stm32h735g_discovery_sd.c:744:6:HAL_SD_TxCpltCallback	16	static
../Drivers/BSP/STM32H735G-DK/stm32h735g_discovery_sd.c:754:6:HAL_SD_RxCpltCallback	16	static
../Drivers/BSP/STM32H735G-DK/stm32h735g_discovery_sd.c:765:13:BSP_SD_AbortCallback	16	static
../Drivers/BSP/STM32H735G-DK/stm32h735g_discovery_sd.c:776:13:BSP_SD_WriteCpltCallback	16	static
../Drivers/BSP/STM32H735G-DK/stm32h735g_discovery_sd.c:787:13:BSP_SD_ReadCpltCallback	16	static
../Drivers/BSP/STM32H735G-DK/stm32h735g_discovery_sd.c:797:13:SD_EXTI_Callback	16	static
../Drivers/BSP/STM32H735G-DK/stm32h735g_discovery_sd.c:818:13:SD_MspInit	48	static
../Drivers/BSP/STM32H735G-DK/stm32h735g_discovery_sd.c:855:13:SD_MspDeInit	40	static
